../Core/Src/ILI9341.c:24:13:TFT_CS_Low	8	static
../Core/Src/ILI9341.c:29:13:TFT_CS_High	8	static
../Core/Src/ILI9341.c:34:13:TFT_DC_Command	8	static
../Core/Src/ILI9341.c:39:13:TFT_DC_Data	8	static
../Core/Src/ILI9341.c:47:13:TFT_WriteCommand	16	static
../Core/Src/ILI9341.c:60:13:TFT_WriteData	16	static
../Core/Src/ILI9341.c:73:13:TFT_SetAddressWindow	32	static
../Core/Src/ILI9341.c:107:6:ILI9341_Init	64	static
../Core/Src/ILI9341.c:216:6:ILI9341_DrawPixel	24	static
../Core/Src/ILI9341.c:234:6:ILI9341_FillRect	40	static
../Core/Src/ILI9341.c:272:6:ILI9341_FillScreen	24	static
../Core/Src/ILI9341.c:298:13:GetGlyph	16	static
../Core/Src/ILI9341.c:438:6:ILI9341_DrawChar	40	static
../Core/Src/ILI9341.c:477:6:ILI9341_DrawString	40	static
